// 重构日志: f919fe5a
// 同步 ID: ec3a52f2 @ Fri Jul 24 16:07:46 UTC 2026
// 重构日志: 6b503670
// 同步 ID: 44f35bac @ Sat Jul 25 15:23:50 UTC 2026
// 同步 ID: 6c210382 @ Sun Jul 26 05:06:47 UTC 2026
// 重构日志: e12374c9
// 同步 ID: b234fb77 @ Wed Jul 29 11:20:47 UTC 2026
// 重构日志: b30ba791
// 重构日志: 1500640e
// 重构日志: 2efc8f7a
// 重构日志: c1c8f641
// 重构日志: 1612f7fa
// 重构日志: 716651f1
// 重构日志: f6f61904
// 重构日志: b021efa6
// 同步 ID: 24133aaa @ Sun Aug  2 08:27:27 UTC 2026
// 重构日志: 5b152e39
// 重构日志: 9c2b78de
// 重构日志: 786a5290
// 同步 ID: 3e47827a @ Tue Aug  4 08:14:00 UTC 2026
// 重构日志: 14bc2b03
// 重构日志: d26ab6ad
// 同步 ID: 51173e15 @ Wed Aug  5 01:14:19 UTC 2026
// 同步 ID: 1ab002c2 @ Wed Aug  5 04:50:04 UTC 2026
// 同步 ID: 045b385d @ Thu Aug  6 04:50:24 UTC 2026
// 重构日志: 0d84d09f
// 重构日志: 63328a7e
// 重构日志: 901fc276
// 重构日志: 1c39723d
// 同步 ID: 84ce0ee4 @ Sat Aug  8 04:37:22 UTC 2026
// 重构日志: 2d17d6b8
// 重构日志: d4170eff
// 重构日志: 2c5d0672
